2026-09-05T15:27:38:    ▲ Next.js 15.5.20
2026-09-05T15:27:38:    - Local:        http://localhost:3002
2026-09-05T15:27:38:    - Network:      http://200.141.15.202:3002
2026-09-05T15:27:38: 
2026-09-05T15:27:38:  ✓ Starting...
2026-09-05T15:27:38:  ✓ Ready in 746ms
2026-09-07T09:44:55:  ⨯ upstream image response failed for https://images.unsplash.com/photo-1557597774-9d273622cd0d?auto=format&fit=crop&w=1920&q=80 404
2026-09-07T09:44:58:  ⨯ upstream image response failed for https://images.unsplash.com/photo-1519494026892-80bbd2d6bf0d?auto=format&fit=crop&w=1200&q=80 404
2026-09-07T09:44:59:  ⨯ upstream image response failed for https://images.unsplash.com/photo-1563013547-7ae1e01a9e2f?auto=format&fit=crop&w=1200&q=80 404
2026-09-07T11:09:57: [31m[auth][error][0m CredentialsSignin: Read more at https://errors.authjs.dev#credentialssignin
2026-09-07T11:09:57:     at fw (/home/rakshakgroup/htdocs/Employee-onboarding-Portal/.next/server/chunks/9500.js:404:41006)
2026-09-07T11:09:57:     at process.processTicksAndRejections (node:internal/process/task_queues:95:5)
2026-09-07T11:09:57:     at async fF (/home/rakshakgroup/htdocs/Employee-onboarding-Portal/.next/server/chunks/9500.js:404:50586)
2026-09-07T11:09:57:     at async fH (/home/rakshakgroup/htdocs/Employee-onboarding-Portal/.next/server/chunks/9500.js:404:54838)
2026-09-07T11:09:57:     at async fS (/home/rakshakgroup/htdocs/Employee-onboarding-Portal/.next/server/chunks/9500.js:404:60119)
2026-09-07T11:09:57:     at async J (/home/rakshakgroup/htdocs/Employee-onboarding-Portal/.next/server/chunks/9306.js:1:5504)
2026-09-07T11:09:57:     at async t4 (/home/rakshakgroup/htdocs/Employee-onboarding-Portal/node_modules/next/dist/compiled/next-server/app-page.runtime.prod.js:16:1716)
2026-09-07T11:09:57:     at async /home/rakshakgroup/htdocs/Employee-onboarding-Portal/node_modules/next/dist/compiled/next-server/app-page.runtime.prod.js:16:533
2026-09-07T11:09:57:     at async t2 (/home/rakshakgroup/htdocs/Employee-onboarding-Portal/node_modules/next/dist/compiled/next-server/app-page.runtime.prod.js:14:15270)
2026-09-07T11:09:57:     at async ia (/home/rakshakgroup/htdocs/Employee-onboarding-Portal/node_modules/next/dist/compiled/next-server/app-page.runtime.prod.js:21:23708)
2026-09-07T11:10:16: [31m[auth][error][0m CredentialsSignin: Read more at https://errors.authjs.dev#credentialssignin
2026-09-07T11:10:16:     at fw (/home/rakshakgroup/htdocs/Employee-onboarding-Portal/.next/server/chunks/9500.js:404:41006)
2026-09-07T11:10:16:     at process.processTicksAndRejections (node:internal/process/task_queues:95:5)
2026-09-07T11:10:16:     at async fF (/home/rakshakgroup/htdocs/Employee-onboarding-Portal/.next/server/chunks/9500.js:404:50586)
2026-09-07T11:10:16:     at async fH (/home/rakshakgroup/htdocs/Employee-onboarding-Portal/.next/server/chunks/9500.js:404:54838)
2026-09-07T11:10:16:     at async fS (/home/rakshakgroup/htdocs/Employee-onboarding-Portal/.next/server/chunks/9500.js:404:60119)
2026-09-07T11:10:16:     at async J (/home/rakshakgroup/htdocs/Employee-onboarding-Portal/.next/server/chunks/9306.js:1:5504)
2026-09-07T11:10:16:     at async t4 (/home/rakshakgroup/htdocs/Employee-onboarding-Portal/node_modules/next/dist/compiled/next-server/app-page.runtime.prod.js:16:1716)
2026-09-07T11:10:16:     at async /home/rakshakgroup/htdocs/Employee-onboarding-Portal/node_modules/next/dist/compiled/next-server/app-page.runtime.prod.js:16:533
2026-09-07T11:10:16:     at async t2 (/home/rakshakgroup/htdocs/Employee-onboarding-Portal/node_modules/next/dist/compiled/next-server/app-page.runtime.prod.js:14:15270)
2026-09-07T11:10:16:     at async ia (/home/rakshakgroup/htdocs/Employee-onboarding-Portal/node_modules/next/dist/compiled/next-server/app-page.runtime.prod.js:21:23708)
2026-09-07T11:10:20: [31m[auth][error][0m CredentialsSignin: Read more at https://errors.authjs.dev#credentialssignin
2026-09-07T11:10:20:     at fw (/home/rakshakgroup/htdocs/Employee-onboarding-Portal/.next/server/chunks/9500.js:404:41006)
2026-09-07T11:10:20:     at process.processTicksAndRejections (node:internal/process/task_queues:95:5)
2026-09-07T11:10:20:     at async fF (/home/rakshakgroup/htdocs/Employee-onboarding-Portal/.next/server/chunks/9500.js:404:50586)
2026-09-07T11:10:20:     at async fH (/home/rakshakgroup/htdocs/Employee-onboarding-Portal/.next/server/chunks/9500.js:404:54838)
2026-09-07T11:10:20:     at async fS (/home/rakshakgroup/htdocs/Employee-onboarding-Portal/.next/server/chunks/9500.js:404:60119)
2026-09-07T11:10:20:     at async J (/home/rakshakgroup/htdocs/Employee-onboarding-Portal/.next/server/chunks/9306.js:1:5504)
2026-09-07T11:10:20:     at async t4 (/home/rakshakgroup/htdocs/Employee-onboarding-Portal/node_modules/next/dist/compiled/next-server/app-page.runtime.prod.js:16:1716)
2026-09-07T11:10:20:     at async /home/rakshakgroup/htdocs/Employee-onboarding-Portal/node_modules/next/dist/compiled/next-server/app-page.runtime.prod.js:16:533
2026-09-07T11:10:20:     at async t2 (/home/rakshakgroup/htdocs/Employee-onboarding-Portal/node_modules/next/dist/compiled/next-server/app-page.runtime.prod.js:14:15270)
2026-09-07T11:10:20:     at async ia (/home/rakshakgroup/htdocs/Employee-onboarding-Portal/node_modules/next/dist/compiled/next-server/app-page.runtime.prod.js:21:23708)
2026-09-07T11:10:28: [31m[auth][error][0m CredentialsSignin: Read more at https://errors.authjs.dev#credentialssignin
2026-09-07T11:10:28:     at fw (/home/rakshakgroup/htdocs/Employee-onboarding-Portal/.next/server/chunks/9500.js:404:41006)
2026-09-07T11:10:28:     at process.processTicksAndRejections (node:internal/process/task_queues:95:5)
2026-09-07T11:10:28:     at async fF (/home/rakshakgroup/htdocs/Employee-onboarding-Portal/.next/server/chunks/9500.js:404:50586)
2026-09-07T11:10:28:     at async fH (/home/rakshakgroup/htdocs/Employee-onboarding-Portal/.next/server/chunks/9500.js:404:54838)
2026-09-07T11:10:28:     at async fS (/home/rakshakgroup/htdocs/Employee-onboarding-Portal/.next/server/chunks/9500.js:404:60119)
2026-09-07T11:10:28:     at async J (/home/rakshakgroup/htdocs/Employee-onboarding-Portal/.next/server/chunks/9306.js:1:5504)
2026-09-07T11:10:28:     at async t4 (/home/rakshakgroup/htdocs/Employee-onboarding-Portal/node_modules/next/dist/compiled/next-server/app-page.runtime.prod.js:16:1716)
2026-09-07T11:10:28:     at async /home/rakshakgroup/htdocs/Employee-onboarding-Portal/node_modules/next/dist/compiled/next-server/app-page.runtime.prod.js:16:533
2026-09-07T11:10:28:     at async t2 (/home/rakshakgroup/htdocs/Employee-onboarding-Portal/node_modules/next/dist/compiled/next-server/app-page.runtime.prod.js:14:15270)
2026-09-07T11:10:28:     at async ia (/home/rakshakgroup/htdocs/Employee-onboarding-Portal/node_modules/next/dist/compiled/next-server/app-page.runtime.prod.js:21:23708)
2026-09-07T11:12:53: [31m[auth][error][0m CredentialsSignin: Read more at https://errors.authjs.dev#credentialssignin
2026-09-07T11:12:53:     at fw (/home/rakshakgroup/htdocs/Employee-onboarding-Portal/.next/server/chunks/9500.js:404:41006)
2026-09-07T11:12:53:     at process.processTicksAndRejections (node:internal/process/task_queues:95:5)
2026-09-07T11:12:53:     at async fF (/home/rakshakgroup/htdocs/Employee-onboarding-Portal/.next/server/chunks/9500.js:404:50586)
2026-09-07T11:12:53:     at async fH (/home/rakshakgroup/htdocs/Employee-onboarding-Portal/.next/server/chunks/9500.js:404:54838)
2026-09-07T11:12:53:     at async fS (/home/rakshakgroup/htdocs/Employee-onboarding-Portal/.next/server/chunks/9500.js:404:60119)
2026-09-07T11:12:53:     at async J (/home/rakshakgroup/htdocs/Employee-onboarding-Portal/.next/server/chunks/9306.js:1:5504)
2026-09-07T11:12:53:     at async t4 (/home/rakshakgroup/htdocs/Employee-onboarding-Portal/node_modules/next/dist/compiled/next-server/app-page.runtime.prod.js:16:1716)
2026-09-07T11:12:53:     at async /home/rakshakgroup/htdocs/Employee-onboarding-Portal/node_modules/next/dist/compiled/next-server/app-page.runtime.prod.js:16:533
2026-09-07T11:12:53:     at async t2 (/home/rakshakgroup/htdocs/Employee-onboarding-Portal/node_modules/next/dist/compiled/next-server/app-page.runtime.prod.js:14:15270)
2026-09-07T11:12:53:     at async ia (/home/rakshakgroup/htdocs/Employee-onboarding-Portal/node_modules/next/dist/compiled/next-server/app-page.runtime.prod.js:21:23708)
2026-09-07T11:13:00: [31m[auth][error][0m CredentialsSignin: Read more at https://errors.authjs.dev#credentialssignin
2026-09-07T11:13:00:     at fw (/home/rakshakgroup/htdocs/Employee-onboarding-Portal/.next/server/chunks/9500.js:404:41006)
2026-09-07T11:13:00:     at process.processTicksAndRejections (node:internal/process/task_queues:95:5)
2026-09-07T11:13:00:     at async fF (/home/rakshakgroup/htdocs/Employee-onboarding-Portal/.next/server/chunks/9500.js:404:50586)
2026-09-07T11:13:00:     at async fH (/home/rakshakgroup/htdocs/Employee-onboarding-Portal/.next/server/chunks/9500.js:404:54838)
2026-09-07T11:13:00:     at async fS (/home/rakshakgroup/htdocs/Employee-onboarding-Portal/.next/server/chunks/9500.js:404:60119)
2026-09-07T11:13:00:     at async J (/home/rakshakgroup/htdocs/Employee-onboarding-Portal/.next/server/chunks/9306.js:1:5504)
2026-09-07T11:13:00:     at async t4 (/home/rakshakgroup/htdocs/Employee-onboarding-Portal/node_modules/next/dist/compiled/next-server/app-page.runtime.prod.js:16:1716)
2026-09-07T11:13:00:     at async /home/rakshakgroup/htdocs/Employee-onboarding-Portal/node_modules/next/dist/compiled/next-server/app-page.runtime.prod.js:16:533
2026-09-07T11:13:00:     at async t2 (/home/rakshakgroup/htdocs/Employee-onboarding-Portal/node_modules/next/dist/compiled/next-server/app-page.runtime.prod.js:14:15270)
2026-09-07T11:13:00:     at async ia (/home/rakshakgroup/htdocs/Employee-onboarding-Portal/node_modules/next/dist/compiled/next-server/app-page.runtime.prod.js:21:23708)
2026-09-07T11:27:07:    ▲ Next.js 15.5.20
2026-09-07T11:27:07:    - Local:        http://localhost:3002
2026-09-07T11:27:07:    - Network:      http://200.141.15.202:3002
2026-09-07T11:27:07: 
2026-09-07T11:27:07:  ✓ Starting...
2026-09-07T11:27:08:  ✓ Ready in 1436ms
2026-09-07T11:28:46:  ⨯ [Error: Connection closed.] { digest: '602196698' }
2026-09-07T11:28:46:  ⨯ [Error: Invalid forward reference.] { digest: '95508854' }
2026-09-07T11:28:46:  ⨯ TypeError: a.get is not a function
2026-09-07T11:28:46:     at M (.next/server/chunks/9306.js:1:5818)
2026-09-07T11:28:46:     at async m (.next/server/app/(auth)/staff/login/page.js:1:11720) {
2026-09-07T11:28:46:   digest: '2846301792'
2026-09-07T11:28:46: }
2026-09-07T12:06:38:    ▲ Next.js 15.5.20
2026-09-07T12:06:38:    - Local:        http://localhost:3002
2026-09-07T12:06:38:    - Network:      http://200.141.15.202:3002
2026-09-07T12:06:38: 
2026-09-07T12:06:38:  ✓ Starting...
2026-09-07T12:06:39:  ✓ Ready in 817ms
2026-09-07T12:15:03:    ▲ Next.js 15.5.20
2026-09-07T12:15:03:    - Local:        http://localhost:3002
2026-09-07T12:15:03:    - Network:      http://200.141.15.202:3002
2026-09-07T12:15:03: 
2026-09-07T12:15:03:  ✓ Starting...
2026-09-07T12:15:03:  ✓ Ready in 891ms
2026-09-07T12:21:24:    ▲ Next.js 15.5.20
2026-09-07T12:21:24:    - Local:        http://localhost:3002
2026-09-07T12:21:24:    - Network:      http://200.141.15.202:3002
2026-09-07T12:21:24: 
2026-09-07T12:21:24:  ✓ Starting...
2026-09-07T12:21:25:  ✓ Ready in 793ms
2026-09-08T05:37:24:    ▲ Next.js 15.5.20
2026-09-08T05:37:24:    - Local:        http://localhost:3002
2026-09-08T05:37:24:    - Network:      http://200.141.15.202:3002
2026-09-08T05:37:24: 
2026-09-08T05:37:24:  ✓ Starting...
2026-09-08T05:37:25:  ✓ Ready in 1217ms
2026-09-08T05:43:01:    ▲ Next.js 15.5.20
2026-09-08T05:43:01:    - Local:        http://localhost:3002
2026-09-08T05:43:01:    - Network:      http://200.141.15.202:3002
2026-09-08T05:43:01: 
2026-09-08T05:43:01:  ✓ Starting...
2026-09-08T05:43:02:  ✓ Ready in 864ms
2026-09-08T05:57:58: RangeError: Invalid time value
2026-09-08T05:57:58:     at Date1.toISOString (<anonymous>)
2026-09-08T05:57:58:     at o (.next/server/chunks/4014.js:1:5611)
2026-09-08T05:57:58:     at async y (.next/server/app/api/employee-documents-folder/[employeeId]/route.js:1:1733)
2026-09-08T05:57:58:     at async k (.next/server/app/api/employee-documents-folder/[employeeId]/route.js:1:5408)
2026-09-08T05:57:58:     at async g (.next/server/app/api/employee-documents-folder/[employeeId]/route.js:1:6411)
2026-09-08T05:57:58:     at async E (.next/server/app/api/employee-documents-folder/[employeeId]/route.js:1:7533)
2026-09-08T06:18:49:    ▲ Next.js 15.5.20
2026-09-08T06:18:49:    - Local:        http://localhost:3002
2026-09-08T06:18:49:    - Network:      http://200.141.15.202:3002
2026-09-08T06:18:49: 
2026-09-08T06:18:49:  ✓ Starting...
2026-09-08T06:18:49:  ✓ Ready in 776ms
