2026-09-07T09:44:55:  ⨯ upstream image response failed for https://images.unsplash.com/photo-1557597774-9d273622cd0d?auto=format&fit=crop&w=1920&q=80 404
2026-09-07T09:44:58:  ⨯ upstream image response failed for https://images.unsplash.com/photo-1519494026892-80bbd2d6bf0d?auto=format&fit=crop&w=1200&q=80 404
2026-09-07T09:44:59:  ⨯ upstream image response failed for https://images.unsplash.com/photo-1563013547-7ae1e01a9e2f?auto=format&fit=crop&w=1200&q=80 404
2026-09-07T11:09:57: [31m[auth][error][0m CredentialsSignin: Read more at https://errors.authjs.dev#credentialssignin
2026-09-07T11:09:57:     at fw (/home/rakshakgroup/htdocs/Employee-onboarding-Portal/.next/server/chunks/9500.js:404:41006)
2026-09-07T11:09:57:     at process.processTicksAndRejections (node:internal/process/task_queues:95:5)
2026-09-07T11:09:57:     at async fF (/home/rakshakgroup/htdocs/Employee-onboarding-Portal/.next/server/chunks/9500.js:404:50586)
2026-09-07T11:09:57:     at async fH (/home/rakshakgroup/htdocs/Employee-onboarding-Portal/.next/server/chunks/9500.js:404:54838)
2026-09-07T11:09:57:     at async fS (/home/rakshakgroup/htdocs/Employee-onboarding-Portal/.next/server/chunks/9500.js:404:60119)
2026-09-07T11:09:57:     at async J (/home/rakshakgroup/htdocs/Employee-onboarding-Portal/.next/server/chunks/9306.js:1:5504)
2026-09-07T11:09:57:     at async t4 (/home/rakshakgroup/htdocs/Employee-onboarding-Portal/node_modules/next/dist/compiled/next-server/app-page.runtime.prod.js:16:1716)
2026-09-07T11:09:57:     at async /home/rakshakgroup/htdocs/Employee-onboarding-Portal/node_modules/next/dist/compiled/next-server/app-page.runtime.prod.js:16:533
2026-09-07T11:09:57:     at async t2 (/home/rakshakgroup/htdocs/Employee-onboarding-Portal/node_modules/next/dist/compiled/next-server/app-page.runtime.prod.js:14:15270)
2026-09-07T11:09:57:     at async ia (/home/rakshakgroup/htdocs/Employee-onboarding-Portal/node_modules/next/dist/compiled/next-server/app-page.runtime.prod.js:21:23708)
2026-09-07T11:10:16: [31m[auth][error][0m CredentialsSignin: Read more at https://errors.authjs.dev#credentialssignin
2026-09-07T11:10:16:     at fw (/home/rakshakgroup/htdocs/Employee-onboarding-Portal/.next/server/chunks/9500.js:404:41006)
2026-09-07T11:10:16:     at process.processTicksAndRejections (node:internal/process/task_queues:95:5)
2026-09-07T11:10:16:     at async fF (/home/rakshakgroup/htdocs/Employee-onboarding-Portal/.next/server/chunks/9500.js:404:50586)
2026-09-07T11:10:16:     at async fH (/home/rakshakgroup/htdocs/Employee-onboarding-Portal/.next/server/chunks/9500.js:404:54838)
2026-09-07T11:10:16:     at async fS (/home/rakshakgroup/htdocs/Employee-onboarding-Portal/.next/server/chunks/9500.js:404:60119)
2026-09-07T11:10:16:     at async J (/home/rakshakgroup/htdocs/Employee-onboarding-Portal/.next/server/chunks/9306.js:1:5504)
2026-09-07T11:10:16:     at async t4 (/home/rakshakgroup/htdocs/Employee-onboarding-Portal/node_modules/next/dist/compiled/next-server/app-page.runtime.prod.js:16:1716)
2026-09-07T11:10:16:     at async /home/rakshakgroup/htdocs/Employee-onboarding-Portal/node_modules/next/dist/compiled/next-server/app-page.runtime.prod.js:16:533
2026-09-07T11:10:16:     at async t2 (/home/rakshakgroup/htdocs/Employee-onboarding-Portal/node_modules/next/dist/compiled/next-server/app-page.runtime.prod.js:14:15270)
2026-09-07T11:10:16:     at async ia (/home/rakshakgroup/htdocs/Employee-onboarding-Portal/node_modules/next/dist/compiled/next-server/app-page.runtime.prod.js:21:23708)
2026-09-07T11:10:20: [31m[auth][error][0m CredentialsSignin: Read more at https://errors.authjs.dev#credentialssignin
2026-09-07T11:10:20:     at fw (/home/rakshakgroup/htdocs/Employee-onboarding-Portal/.next/server/chunks/9500.js:404:41006)
2026-09-07T11:10:20:     at process.processTicksAndRejections (node:internal/process/task_queues:95:5)
2026-09-07T11:10:20:     at async fF (/home/rakshakgroup/htdocs/Employee-onboarding-Portal/.next/server/chunks/9500.js:404:50586)
2026-09-07T11:10:20:     at async fH (/home/rakshakgroup/htdocs/Employee-onboarding-Portal/.next/server/chunks/9500.js:404:54838)
2026-09-07T11:10:20:     at async fS (/home/rakshakgroup/htdocs/Employee-onboarding-Portal/.next/server/chunks/9500.js:404:60119)
2026-09-07T11:10:20:     at async J (/home/rakshakgroup/htdocs/Employee-onboarding-Portal/.next/server/chunks/9306.js:1:5504)
2026-09-07T11:10:20:     at async t4 (/home/rakshakgroup/htdocs/Employee-onboarding-Portal/node_modules/next/dist/compiled/next-server/app-page.runtime.prod.js:16:1716)
2026-09-07T11:10:20:     at async /home/rakshakgroup/htdocs/Employee-onboarding-Portal/node_modules/next/dist/compiled/next-server/app-page.runtime.prod.js:16:533
2026-09-07T11:10:20:     at async t2 (/home/rakshakgroup/htdocs/Employee-onboarding-Portal/node_modules/next/dist/compiled/next-server/app-page.runtime.prod.js:14:15270)
2026-09-07T11:10:20:     at async ia (/home/rakshakgroup/htdocs/Employee-onboarding-Portal/node_modules/next/dist/compiled/next-server/app-page.runtime.prod.js:21:23708)
2026-09-07T11:10:28: [31m[auth][error][0m CredentialsSignin: Read more at https://errors.authjs.dev#credentialssignin
2026-09-07T11:10:28:     at fw (/home/rakshakgroup/htdocs/Employee-onboarding-Portal/.next/server/chunks/9500.js:404:41006)
2026-09-07T11:10:28:     at process.processTicksAndRejections (node:internal/process/task_queues:95:5)
2026-09-07T11:10:28:     at async fF (/home/rakshakgroup/htdocs/Employee-onboarding-Portal/.next/server/chunks/9500.js:404:50586)
2026-09-07T11:10:28:     at async fH (/home/rakshakgroup/htdocs/Employee-onboarding-Portal/.next/server/chunks/9500.js:404:54838)
2026-09-07T11:10:28:     at async fS (/home/rakshakgroup/htdocs/Employee-onboarding-Portal/.next/server/chunks/9500.js:404:60119)
2026-09-07T11:10:28:     at async J (/home/rakshakgroup/htdocs/Employee-onboarding-Portal/.next/server/chunks/9306.js:1:5504)
2026-09-07T11:10:28:     at async t4 (/home/rakshakgroup/htdocs/Employee-onboarding-Portal/node_modules/next/dist/compiled/next-server/app-page.runtime.prod.js:16:1716)
2026-09-07T11:10:28:     at async /home/rakshakgroup/htdocs/Employee-onboarding-Portal/node_modules/next/dist/compiled/next-server/app-page.runtime.prod.js:16:533
2026-09-07T11:10:28:     at async t2 (/home/rakshakgroup/htdocs/Employee-onboarding-Portal/node_modules/next/dist/compiled/next-server/app-page.runtime.prod.js:14:15270)
2026-09-07T11:10:28:     at async ia (/home/rakshakgroup/htdocs/Employee-onboarding-Portal/node_modules/next/dist/compiled/next-server/app-page.runtime.prod.js:21:23708)
2026-09-07T11:12:53: [31m[auth][error][0m CredentialsSignin: Read more at https://errors.authjs.dev#credentialssignin
2026-09-07T11:12:53:     at fw (/home/rakshakgroup/htdocs/Employee-onboarding-Portal/.next/server/chunks/9500.js:404:41006)
2026-09-07T11:12:53:     at process.processTicksAndRejections (node:internal/process/task_queues:95:5)
2026-09-07T11:12:53:     at async fF (/home/rakshakgroup/htdocs/Employee-onboarding-Portal/.next/server/chunks/9500.js:404:50586)
2026-09-07T11:12:53:     at async fH (/home/rakshakgroup/htdocs/Employee-onboarding-Portal/.next/server/chunks/9500.js:404:54838)
2026-09-07T11:12:53:     at async fS (/home/rakshakgroup/htdocs/Employee-onboarding-Portal/.next/server/chunks/9500.js:404:60119)
2026-09-07T11:12:53:     at async J (/home/rakshakgroup/htdocs/Employee-onboarding-Portal/.next/server/chunks/9306.js:1:5504)
2026-09-07T11:12:53:     at async t4 (/home/rakshakgroup/htdocs/Employee-onboarding-Portal/node_modules/next/dist/compiled/next-server/app-page.runtime.prod.js:16:1716)
2026-09-07T11:12:53:     at async /home/rakshakgroup/htdocs/Employee-onboarding-Portal/node_modules/next/dist/compiled/next-server/app-page.runtime.prod.js:16:533
2026-09-07T11:12:53:     at async t2 (/home/rakshakgroup/htdocs/Employee-onboarding-Portal/node_modules/next/dist/compiled/next-server/app-page.runtime.prod.js:14:15270)
2026-09-07T11:12:53:     at async ia (/home/rakshakgroup/htdocs/Employee-onboarding-Portal/node_modules/next/dist/compiled/next-server/app-page.runtime.prod.js:21:23708)
2026-09-07T11:13:00: [31m[auth][error][0m CredentialsSignin: Read more at https://errors.authjs.dev#credentialssignin
2026-09-07T11:13:00:     at fw (/home/rakshakgroup/htdocs/Employee-onboarding-Portal/.next/server/chunks/9500.js:404:41006)
2026-09-07T11:13:00:     at process.processTicksAndRejections (node:internal/process/task_queues:95:5)
2026-09-07T11:13:00:     at async fF (/home/rakshakgroup/htdocs/Employee-onboarding-Portal/.next/server/chunks/9500.js:404:50586)
2026-09-07T11:13:00:     at async fH (/home/rakshakgroup/htdocs/Employee-onboarding-Portal/.next/server/chunks/9500.js:404:54838)
2026-09-07T11:13:00:     at async fS (/home/rakshakgroup/htdocs/Employee-onboarding-Portal/.next/server/chunks/9500.js:404:60119)
2026-09-07T11:13:00:     at async J (/home/rakshakgroup/htdocs/Employee-onboarding-Portal/.next/server/chunks/9306.js:1:5504)
2026-09-07T11:13:00:     at async t4 (/home/rakshakgroup/htdocs/Employee-onboarding-Portal/node_modules/next/dist/compiled/next-server/app-page.runtime.prod.js:16:1716)
2026-09-07T11:13:00:     at async /home/rakshakgroup/htdocs/Employee-onboarding-Portal/node_modules/next/dist/compiled/next-server/app-page.runtime.prod.js:16:533
2026-09-07T11:13:00:     at async t2 (/home/rakshakgroup/htdocs/Employee-onboarding-Portal/node_modules/next/dist/compiled/next-server/app-page.runtime.prod.js:14:15270)
2026-09-07T11:13:00:     at async ia (/home/rakshakgroup/htdocs/Employee-onboarding-Portal/node_modules/next/dist/compiled/next-server/app-page.runtime.prod.js:21:23708)
2026-09-07T11:28:46:  ⨯ [Error: Connection closed.] { digest: '602196698' }
2026-09-07T11:28:46:  ⨯ [Error: Invalid forward reference.] { digest: '95508854' }
2026-09-07T11:28:46:  ⨯ TypeError: a.get is not a function
2026-09-07T11:28:46:     at M (.next/server/chunks/9306.js:1:5818)
2026-09-07T11:28:46:     at async m (.next/server/app/(auth)/staff/login/page.js:1:11720) {
2026-09-07T11:28:46:   digest: '2846301792'
2026-09-07T11:28:46: }
2026-09-08T05:57:58: RangeError: Invalid time value
2026-09-08T05:57:58:     at Date1.toISOString (<anonymous>)
2026-09-08T05:57:58:     at o (.next/server/chunks/4014.js:1:5611)
2026-09-08T05:57:58:     at async y (.next/server/app/api/employee-documents-folder/[employeeId]/route.js:1:1733)
2026-09-08T05:57:58:     at async k (.next/server/app/api/employee-documents-folder/[employeeId]/route.js:1:5408)
2026-09-08T05:57:58:     at async g (.next/server/app/api/employee-documents-folder/[employeeId]/route.js:1:6411)
2026-09-08T05:57:58:     at async E (.next/server/app/api/employee-documents-folder/[employeeId]/route.js:1:7533)
2026-09-08T06:59:58:  ⨯ upstream image response failed for https://images.unsplash.com/photo-1557597774-9d273622cd0d?auto=format&fit=crop&w=1920&q=80 404
2026-09-09T08:09:23:  ⨯ upstream image response failed for https://images.unsplash.com/photo-1557597774-9d273622cd0d?auto=format&fit=crop&w=1920&q=80 404
2026-09-10T09:48:03: [Error: Failed to find Server Action "x". This request might be from an older or newer deployment.
2026-09-10T09:48:03: Read more: https://nextjs.org/docs/messages/failed-to-find-server-action]
2026-09-10T09:48:03: [Error: Failed to find Server Action "x". This request might be from an older or newer deployment.
2026-09-10T09:48:03: Read more: https://nextjs.org/docs/messages/failed-to-find-server-action]
2026-09-10T09:48:03: [Error: Failed to find Server Action "x". This request might be from an older or newer deployment.
2026-09-10T09:48:03: Read more: https://nextjs.org/docs/messages/failed-to-find-server-action]
2026-09-12T08:13:19:  ⨯ upstream image response failed for https://images.unsplash.com/photo-1557597774-9d273622cd0d?auto=format&fit=crop&w=1920&q=80 404
2026-09-12T08:13:21:  ⨯ upstream image response failed for https://images.unsplash.com/photo-1519494026892-80bbd2d6bf0d?auto=format&fit=crop&w=1200&q=80 404
2026-09-12T08:13:30:  ⨯ upstream image response failed for https://images.unsplash.com/photo-1563013547-7ae1e01a9e2f?auto=format&fit=crop&w=1200&q=80 404
2026-09-17T06:53:57: [Error: Failed to find Server Action "409ae7392d2ac673bc9c774fca8a468ee13e14ab7c". This request might be from an older or newer deployment.
2026-09-17T06:53:57: Read more: https://nextjs.org/docs/messages/failed-to-find-server-action]
2026-09-18T08:50:28: RangeError: Invalid time value
2026-09-18T08:50:28:     at Date1.toISOString (<anonymous>)
2026-09-18T08:50:28:     at o (.next/server/chunks/4014.js:1:5611)
2026-09-18T08:50:28:     at async y (.next/server/app/api/employee-documents-folder/[employeeId]/route.js:1:1733)
2026-09-18T08:50:28:     at async k (.next/server/app/api/employee-documents-folder/[employeeId]/route.js:1:5408)
2026-09-18T08:50:28:     at async g (.next/server/app/api/employee-documents-folder/[employeeId]/route.js:1:6411)
2026-09-18T08:50:28:     at async E (.next/server/app/api/employee-documents-folder/[employeeId]/route.js:1:7533)
2026-09-18T09:06:56: Failed to set Next.js data cache for https://res.cloudinary.com/earteytc/image/upload/v1789721537/rakshak-eoms/applications/RS-APP-20260918-JSXH/aadhaar_front_1789721534587.jpg, items over 2MB can not be cached (3817446 bytes)
2026-09-18T09:07:00: Failed to set Next.js data cache for https://res.cloudinary.com/earteytc/image/upload/v1789721548/rakshak-eoms/applications/RS-APP-20260918-JSXH/aadhaar_back_1789721546350.jpg, items over 2MB can not be cached (3372273 bytes)
2026-09-18T09:07:04: Failed to set Next.js data cache for https://res.cloudinary.com/earteytc/image/upload/v1789721563/rakshak-eoms/applications/RS-APP-20260918-JSXH/pan_1789721560926.jpg, items over 2MB can not be cached (3225839 bytes)
2026-09-18T09:07:07: Failed to set Next.js data cache for https://res.cloudinary.com/earteytc/image/upload/v1789721830/rakshak-eoms/applications/RS-APP-20260918-JSXH/signature_1789721828504.jpg, items over 2MB can not be cached (2450245 bytes)
2026-09-18T09:07:09: Failed to set Next.js data cache for https://res.cloudinary.com/earteytc/image/upload/v1789721842/rakshak-eoms/applications/RS-APP-20260918-JSXH/bank_passbook_1789721841027.jpg, items over 2MB can not be cached (3148081 bytes)
2026-09-18T09:13:43: RangeError: Invalid time value
2026-09-18T09:13:43:     at Date1.toISOString (<anonymous>)
2026-09-18T09:13:43:     at o (.next/server/chunks/4014.js:1:5611)
2026-09-18T09:13:43:     at async y (.next/server/app/api/employee-documents-folder/[employeeId]/route.js:1:1733)
2026-09-18T09:13:43:     at async k (.next/server/app/api/employee-documents-folder/[employeeId]/route.js:1:5408)
2026-09-18T09:13:43:     at async g (.next/server/app/api/employee-documents-folder/[employeeId]/route.js:1:6411)
2026-09-18T09:13:43:     at async E (.next/server/app/api/employee-documents-folder/[employeeId]/route.js:1:7533)
2026-09-18T09:14:20: Failed to set Next.js data cache for https://res.cloudinary.com/earteytc/image/upload/v1789721842/rakshak-eoms/applications/RS-APP-20260918-JSXH/bank_passbook_1789721841027.jpg, items over 2MB can not be cached (3147993 bytes)
2026-09-18T09:19:09: RangeError: Invalid time value
2026-09-18T09:19:09:     at Date1.toISOString (<anonymous>)
2026-09-18T09:19:09:     at o (.next/server/chunks/4014.js:1:5611)
2026-09-18T09:19:09:     at async y (.next/server/app/api/employee-documents-folder/[employeeId]/route.js:1:1733)
2026-09-18T09:19:09:     at async k (.next/server/app/api/employee-documents-folder/[employeeId]/route.js:1:5408)
2026-09-18T09:19:09:     at async g (.next/server/app/api/employee-documents-folder/[employeeId]/route.js:1:6411)
2026-09-18T09:19:09:     at async E (.next/server/app/api/employee-documents-folder/[employeeId]/route.js:1:7533)
2026-09-18T09:19:43: Failed to set Next.js data cache for https://res.cloudinary.com/earteytc/image/upload/v1789718797/rakshak-eoms/applications/RS-APP-20260918-4BXG/aadhaar_front_1789718794796.jpg, items over 2MB can not be cached (4302528 bytes)
2026-09-18T09:19:45: Failed to set Next.js data cache for https://res.cloudinary.com/earteytc/image/upload/v1789718808/rakshak-eoms/applications/RS-APP-20260918-4BXG/aadhaar_back_1789718806845.jpg, items over 2MB can not be cached (3848296 bytes)
2026-09-18T09:19:47: Failed to set Next.js data cache for https://res.cloudinary.com/earteytc/image/upload/v1789718975/rakshak-eoms/applications/RS-APP-20260918-4BXG/bank_passbook_1789718972899.jpg, items over 2MB can not be cached (3210233 bytes)
2026-09-18T09:19:49: Failed to set Next.js data cache for https://res.cloudinary.com/earteytc/image/upload/v1789718986/rakshak-eoms/applications/RS-APP-20260918-4BXG/pan_1789718985004.jpg, items over 2MB can not be cached (3577779 bytes)
2026-09-18T09:19:52: Failed to set Next.js data cache for https://res.cloudinary.com/earteytc/image/upload/v1789719011/rakshak-eoms/applications/RS-APP-20260918-4BXG/education_certificate_1789719009073.jpg, items over 2MB can not be cached (3353504 bytes)
2026-09-18T09:26:31: RangeError: Invalid time value
2026-09-18T09:26:31:     at Date1.toISOString (<anonymous>)
2026-09-18T09:26:31:     at o (.next/server/chunks/4014.js:1:5611)
2026-09-18T09:26:31:     at async y (.next/server/app/api/employee-documents-folder/[employeeId]/route.js:1:1733)
2026-09-18T09:26:31:     at async k (.next/server/app/api/employee-documents-folder/[employeeId]/route.js:1:5408)
2026-09-18T09:26:31:     at async g (.next/server/app/api/employee-documents-folder/[employeeId]/route.js:1:6411)
2026-09-18T09:26:31:     at async E (.next/server/app/api/employee-documents-folder/[employeeId]/route.js:1:7533)
2026-09-18T09:28:03: Failed to set Next.js data cache for https://res.cloudinary.com/earteytc/image/upload/v1789718975/rakshak-eoms/applications/RS-APP-20260918-4BXG/bank_passbook_1789718972899.jpg, items over 2MB can not be cached (3210181 bytes)
2026-09-18T09:28:49: RangeError: Invalid time value
2026-09-18T09:28:49:     at Date1.toISOString (<anonymous>)
2026-09-18T09:28:49:     at o (.next/server/chunks/4014.js:1:5611)
2026-09-18T09:28:49:     at async y (.next/server/app/api/employee-documents-folder/[employeeId]/route.js:1:1733)
2026-09-18T09:28:49:     at async k (.next/server/app/api/employee-documents-folder/[employeeId]/route.js:1:5408)
2026-09-18T09:28:49:     at async g (.next/server/app/api/employee-documents-folder/[employeeId]/route.js:1:6411)
2026-09-18T09:28:49:     at async E (.next/server/app/api/employee-documents-folder/[employeeId]/route.js:1:7533)
2026-09-18T09:29:15: Failed to set Next.js data cache for https://res.cloudinary.com/earteytc/image/upload/v1789718975/rakshak-eoms/applications/RS-APP-20260918-4BXG/bank_passbook_1789718972899.jpg, items over 2MB can not be cached (3210260 bytes)
2026-09-18T09:33:44: RangeError: Invalid time value
2026-09-18T09:33:44:     at Date1.toISOString (<anonymous>)
2026-09-18T09:33:44:     at o (.next/server/chunks/4014.js:1:5611)
2026-09-18T09:33:44:     at async y (.next/server/app/api/employee-documents-folder/[employeeId]/route.js:1:1733)
2026-09-18T09:33:44:     at async k (.next/server/app/api/employee-documents-folder/[employeeId]/route.js:1:5408)
2026-09-18T09:33:44:     at async g (.next/server/app/api/employee-documents-folder/[employeeId]/route.js:1:6411)
2026-09-18T09:33:44:     at async E (.next/server/app/api/employee-documents-folder/[employeeId]/route.js:1:7533)
2026-09-18T09:34:19: Failed to set Next.js data cache for https://res.cloudinary.com/earteytc/image/upload/v1789649042/rakshak-eoms/applications/RS-APP-20260917-RSAS/aadhaar_front_1789649039957.jpg, items over 2MB can not be cached (4308797 bytes)
2026-09-18T09:43:04: RangeError: Invalid time value
2026-09-18T09:43:04:     at Date1.toISOString (<anonymous>)
2026-09-18T09:43:04:     at o (.next/server/chunks/4014.js:1:5611)
2026-09-18T09:43:04:     at async y (.next/server/app/api/employee-documents-folder/[employeeId]/route.js:1:1733)
2026-09-18T09:43:04:     at async k (.next/server/app/api/employee-documents-folder/[employeeId]/route.js:1:5408)
2026-09-18T09:43:04:     at async g (.next/server/app/api/employee-documents-folder/[employeeId]/route.js:1:6411)
2026-09-18T09:43:04:     at async E (.next/server/app/api/employee-documents-folder/[employeeId]/route.js:1:7533)
2026-09-18T10:42:08: Failed to set Next.js data cache for https://res.cloudinary.com/earteytc/image/upload/v1789725967/rakshak-eoms/applications/RS-APP-20260918-9FR3/aadhaar_back_1789725964801.jpg, items over 2MB can not be cached (4610944 bytes)
2026-09-18T10:42:11: Failed to set Next.js data cache for https://res.cloudinary.com/earteytc/image/upload/v1789726777/rakshak-eoms/applications/RS-APP-20260918-9FR3/aadhaar_front_1789726775494.jpg, items over 2MB can not be cached (5505337 bytes)
2026-09-18T10:42:13: Failed to set Next.js data cache for https://res.cloudinary.com/earteytc/image/upload/v1789726022/rakshak-eoms/applications/RS-APP-20260918-9FR3/pan_1789726020779.jpg, items over 2MB can not be cached (6474003 bytes)
2026-09-18T10:59:35: RangeError: Invalid time value
2026-09-18T10:59:35:     at Date1.toISOString (<anonymous>)
2026-09-18T10:59:35:     at o (.next/server/chunks/4014.js:1:5611)
2026-09-18T10:59:35:     at async y (.next/server/app/api/employee-documents-folder/[employeeId]/route.js:1:1733)
2026-09-18T10:59:35:     at async k (.next/server/app/api/employee-documents-folder/[employeeId]/route.js:1:5408)
2026-09-18T10:59:35:     at async g (.next/server/app/api/employee-documents-folder/[employeeId]/route.js:1:6411)
2026-09-18T10:59:35:     at async E (.next/server/app/api/employee-documents-folder/[employeeId]/route.js:1:7533)
2026-09-18T11:10:21: RangeError: Invalid time value
2026-09-18T11:10:21:     at Date1.toISOString (<anonymous>)
2026-09-18T11:10:21:     at o (.next/server/chunks/4014.js:1:5611)
2026-09-18T11:10:21:     at async y (.next/server/app/api/employee-documents-folder/[employeeId]/route.js:1:1733)
2026-09-18T11:10:21:     at async k (.next/server/app/api/employee-documents-folder/[employeeId]/route.js:1:5408)
2026-09-18T11:10:21:     at async g (.next/server/app/api/employee-documents-folder/[employeeId]/route.js:1:6411)
2026-09-18T11:10:21:     at async E (.next/server/app/api/employee-documents-folder/[employeeId]/route.js:1:7533)
2026-09-18T11:12:31: RangeError: Invalid time value
2026-09-18T11:12:31:     at Date1.toISOString (<anonymous>)
2026-09-18T11:12:31:     at o (.next/server/chunks/4014.js:1:5611)
2026-09-18T11:12:31:     at async y (.next/server/app/api/employee-documents-folder/[employeeId]/route.js:1:1733)
2026-09-18T11:12:31:     at async k (.next/server/app/api/employee-documents-folder/[employeeId]/route.js:1:5408)
2026-09-18T11:12:31:     at async g (.next/server/app/api/employee-documents-folder/[employeeId]/route.js:1:6411)
2026-09-18T11:12:31:     at async E (.next/server/app/api/employee-documents-folder/[employeeId]/route.js:1:7533)
2026-09-18T11:22:50: RangeError: Invalid time value
2026-09-18T11:22:50:     at Date1.toISOString (<anonymous>)
2026-09-18T11:22:50:     at o (.next/server/chunks/4014.js:1:5611)
2026-09-18T11:22:50:     at async y (.next/server/app/api/employee-documents-folder/[employeeId]/route.js:1:1733)
2026-09-18T11:22:50:     at async k (.next/server/app/api/employee-documents-folder/[employeeId]/route.js:1:5408)
2026-09-18T11:22:50:     at async g (.next/server/app/api/employee-documents-folder/[employeeId]/route.js:1:6411)
2026-09-18T11:22:50:     at async E (.next/server/app/api/employee-documents-folder/[employeeId]/route.js:1:7533)
2026-09-18T11:24:06: RangeError: Invalid time value
2026-09-18T11:24:06:     at Date1.toISOString (<anonymous>)
2026-09-18T11:24:06:     at o (.next/server/chunks/4014.js:1:5611)
2026-09-18T11:24:06:     at async y (.next/server/app/api/employee-documents-folder/[employeeId]/route.js:1:1733)
2026-09-18T11:24:06:     at async k (.next/server/app/api/employee-documents-folder/[employeeId]/route.js:1:5408)
2026-09-18T11:24:06:     at async g (.next/server/app/api/employee-documents-folder/[employeeId]/route.js:1:6411)
2026-09-18T11:24:06:     at async E (.next/server/app/api/employee-documents-folder/[employeeId]/route.js:1:7533)
2026-09-19T09:47:21: Failed to set Next.js data cache for https://res.cloudinary.com/earteytc/image/upload/v1789810172/rakshak-eoms/applications/RS-APP-20260919-U1WK/pan_1789810169753.jpg, items over 2MB can not be cached (2498375 bytes)
2026-09-19T09:52:51: Failed to set Next.js data cache for https://res.cloudinary.com/earteytc/image/upload/v1789737915/rakshak-eoms/applications/RS-APP-20260918-AGNF/aadhaar_back_1789737912738.jpg, items over 2MB can not be cached (3071064 bytes)
2026-09-19T09:52:52: Failed to set Next.js data cache for https://res.cloudinary.com/earteytc/image/upload/v1789737930/rakshak-eoms/applications/RS-APP-20260918-AGNF/pan_1789737928068.jpg, items over 2MB can not be cached (3841727 bytes)
2026-09-19T10:02:12: RangeError: Invalid time value
2026-09-19T10:02:12:     at Date1.toISOString (<anonymous>)
2026-09-19T10:02:12:     at o (.next/server/chunks/4014.js:1:5611)
2026-09-19T10:02:12:     at async y (.next/server/app/api/employee-documents-folder/[employeeId]/route.js:1:1733)
2026-09-19T10:02:12:     at async k (.next/server/app/api/employee-documents-folder/[employeeId]/route.js:1:5408)
2026-09-19T10:02:12:     at async g (.next/server/app/api/employee-documents-folder/[employeeId]/route.js:1:6411)
2026-09-19T10:02:12:     at async E (.next/server/app/api/employee-documents-folder/[employeeId]/route.js:1:7533)
2026-09-19T10:02:41: RangeError: Invalid time value
2026-09-19T10:02:41:     at Date1.toISOString (<anonymous>)
2026-09-19T10:02:41:     at o (.next/server/chunks/4014.js:1:5611)
2026-09-19T10:02:41:     at async y (.next/server/app/api/employee-documents-folder/[employeeId]/route.js:1:1733)
2026-09-19T10:02:41:     at async k (.next/server/app/api/employee-documents-folder/[employeeId]/route.js:1:5408)
2026-09-19T10:02:41:     at async g (.next/server/app/api/employee-documents-folder/[employeeId]/route.js:1:6411)
2026-09-19T10:02:41:     at async E (.next/server/app/api/employee-documents-folder/[employeeId]/route.js:1:7533)
2026-09-19T10:04:29: RangeError: Invalid time value
2026-09-19T10:04:29:     at Date1.toISOString (<anonymous>)
2026-09-19T10:04:29:     at o (.next/server/chunks/4014.js:1:5611)
2026-09-19T10:04:29:     at async y (.next/server/app/api/employee-documents-folder/[employeeId]/route.js:1:1733)
2026-09-19T10:04:29:     at async k (.next/server/app/api/employee-documents-folder/[employeeId]/route.js:1:5408)
2026-09-19T10:04:29:     at async g (.next/server/app/api/employee-documents-folder/[employeeId]/route.js:1:6411)
2026-09-19T10:04:29:     at async E (.next/server/app/api/employee-documents-folder/[employeeId]/route.js:1:7533)
