2026-09-05T15:27:38:    ▲ Next.js 15.5.20
2026-09-05T15:27:38:    - Local:        http://localhost:3002
2026-09-05T15:27:38:    - Network:      http://200.141.15.202:3002
2026-09-05T15:27:38: 
2026-09-05T15:27:38:  ✓ Starting...
2026-09-05T15:27:38:  ✓ Ready in 746ms
2026-09-07T11:27:07:    ▲ Next.js 15.5.20
2026-09-07T11:27:07:    - Local:        http://localhost:3002
2026-09-07T11:27:07:    - Network:      http://200.141.15.202:3002
2026-09-07T11:27:07: 
2026-09-07T11:27:07:  ✓ Starting...
2026-09-07T11:27:08:  ✓ Ready in 1436ms
2026-09-07T12:06:38:    ▲ Next.js 15.5.20
2026-09-07T12:06:38:    - Local:        http://localhost:3002
2026-09-07T12:06:38:    - Network:      http://200.141.15.202:3002
2026-09-07T12:06:38: 
2026-09-07T12:06:38:  ✓ Starting...
2026-09-07T12:06:39:  ✓ Ready in 817ms
2026-09-07T12:15:03:    ▲ Next.js 15.5.20
2026-09-07T12:15:03:    - Local:        http://localhost:3002
2026-09-07T12:15:03:    - Network:      http://200.141.15.202:3002
2026-09-07T12:15:03: 
2026-09-07T12:15:03:  ✓ Starting...
2026-09-07T12:15:03:  ✓ Ready in 891ms
2026-09-07T12:21:24:    ▲ Next.js 15.5.20
2026-09-07T12:21:24:    - Local:        http://localhost:3002
2026-09-07T12:21:24:    - Network:      http://200.141.15.202:3002
2026-09-07T12:21:24: 
2026-09-07T12:21:24:  ✓ Starting...
2026-09-07T12:21:25:  ✓ Ready in 793ms
2026-09-08T05:37:24:    ▲ Next.js 15.5.20
2026-09-08T05:37:24:    - Local:        http://localhost:3002
2026-09-08T05:37:24:    - Network:      http://200.141.15.202:3002
2026-09-08T05:37:24: 
2026-09-08T05:37:24:  ✓ Starting...
2026-09-08T05:37:25:  ✓ Ready in 1217ms
2026-09-08T05:43:01:    ▲ Next.js 15.5.20
2026-09-08T05:43:01:    - Local:        http://localhost:3002
2026-09-08T05:43:01:    - Network:      http://200.141.15.202:3002
2026-09-08T05:43:01: 
2026-09-08T05:43:01:  ✓ Starting...
2026-09-08T05:43:02:  ✓ Ready in 864ms
2026-09-08T06:18:49:    ▲ Next.js 15.5.20
2026-09-08T06:18:49:    - Local:        http://localhost:3002
2026-09-08T06:18:49:    - Network:      http://200.141.15.202:3002
2026-09-08T06:18:49: 
2026-09-08T06:18:49:  ✓ Starting...
2026-09-08T06:18:49:  ✓ Ready in 776ms
2026-09-08T07:02:46:    ▲ Next.js 15.5.20
2026-09-08T07:02:46:    - Local:        http://localhost:3002
2026-09-08T07:02:46:    - Network:      http://200.141.15.202:3002
2026-09-08T07:02:46: 
2026-09-08T07:02:46:  ✓ Starting...
2026-09-08T07:02:47:  ✓ Ready in 815ms
2026-09-08T09:16:46:    ▲ Next.js 15.5.20
2026-09-08T09:16:46:    - Local:        http://localhost:3002
2026-09-08T09:16:46:    - Network:      http://200.141.15.202:3002
2026-09-08T09:16:46: 
2026-09-08T09:16:46:  ✓ Starting...
2026-09-08T09:16:47:  ✓ Ready in 1461ms
2026-09-08T09:21:52:    ▲ Next.js 15.5.20
2026-09-08T09:21:52:    - Local:        http://localhost:3002
2026-09-08T09:21:52:    - Network:      http://200.141.15.202:3002
2026-09-08T09:21:52: 
2026-09-08T09:21:52:  ✓ Starting...
2026-09-08T09:21:53:  ✓ Ready in 803ms
2026-09-09T07:52:08:    ▲ Next.js 15.5.20
2026-09-09T07:52:08:    - Local:        http://localhost:3002
2026-09-09T07:52:08:    - Network:      http://200.141.15.202:3002
2026-09-09T07:52:08: 
2026-09-09T07:52:08:  ✓ Starting...
2026-09-09T07:52:09:  ✓ Ready in 1904ms
2026-09-09T08:03:28:    ▲ Next.js 15.5.20
2026-09-09T08:03:28:    - Local:        http://localhost:3002
2026-09-09T08:03:28:    - Network:      http://200.141.15.202:3002
2026-09-09T08:03:28: 
2026-09-09T08:03:28:  ✓ Starting...
2026-09-09T08:03:28:  ✓ Ready in 815ms
2026-09-17T06:23:48:    ▲ Next.js 15.5.20
2026-09-17T06:23:48:    - Local:        http://localhost:3002
2026-09-17T06:23:48:    - Network:      http://200.141.15.202:3002
2026-09-17T06:23:48: 
2026-09-17T06:23:48:  ✓ Starting...
2026-09-17T06:23:50:  ✓ Ready in 1927ms
2026-09-19T11:34:58:    ▲ Next.js 15.5.20
2026-09-19T11:34:58:    - Local:        http://localhost:3002
2026-09-19T11:34:58:    - Network:      http://200.141.15.202:3002
2026-09-19T11:34:58: 
2026-09-19T11:34:58:  ✓ Starting...
2026-09-19T11:35:01:  ✓ Ready in 2.5s
2026-09-24T09:50:09:    ▲ Next.js 15.5.20
2026-09-24T09:50:09:    - Local:        http://localhost:3002
2026-09-24T09:50:09:    - Network:      http://200.141.15.202:3002
2026-09-24T09:50:09: 
2026-09-24T09:50:09:  ✓ Starting...
2026-09-24T09:50:10:  ✓ Ready in 717ms
2026-09-24T10:52:21:    ▲ Next.js 15.5.20
2026-09-24T10:52:21:    - Local:        http://localhost:3002
2026-09-24T10:52:21:    - Network:      http://200.141.15.202:3002
2026-09-24T10:52:21: 
2026-09-24T10:52:21:  ✓ Starting...
2026-09-24T10:52:21:  ✓ Ready in 704ms
2026-09-25T05:10:22:    ▲ Next.js 15.5.20
2026-09-25T05:10:22:    - Local:        http://localhost:3002
2026-09-25T05:10:22:    - Network:      http://200.141.15.202:3002
2026-09-25T05:10:22: 
2026-09-25T05:10:22:  ✓ Starting...
2026-09-25T05:10:24:  ✓ Ready in 2.7s
2026-09-25T07:18:57:    ▲ Next.js 15.5.20
2026-09-25T07:18:57:    - Local:        http://localhost:3002
2026-09-25T07:18:57:    - Network:      http://200.141.15.202:3002
2026-09-25T07:18:57: 
2026-09-25T07:18:57:  ✓ Starting...
2026-09-25T07:18:59:  ✓ Ready in 2.3s
2026-09-25T07:28:53:    ▲ Next.js 15.5.20
2026-09-25T07:28:53:    - Local:        http://localhost:3002
2026-09-25T07:28:53:    - Network:      http://200.141.15.202:3002
2026-09-25T07:28:53: 
2026-09-25T07:28:53:  ✓ Starting...
2026-09-25T07:28:53:  ✓ Ready in 645ms
2026-09-25T07:31:15:    ▲ Next.js 15.5.20
2026-09-25T07:31:15:    - Local:        http://localhost:3002
2026-09-25T07:31:15:    - Network:      http://200.141.15.202:3002
2026-09-25T07:31:15: 
2026-09-25T07:31:15:  ✓ Starting...
2026-09-25T07:31:15:  ✓ Ready in 645ms
2026-09-26T06:02:39:    ▲ Next.js 15.5.20
2026-09-26T06:02:39:    - Local:        http://localhost:3002
2026-09-26T06:02:39:    - Network:      http://200.141.15.202:3002
2026-09-26T06:02:39: 
2026-09-26T06:02:39:  ✓ Starting...
2026-09-26T06:02:39:  ✓ Ready in 698ms
2026-09-26T06:35:02:    ▲ Next.js 15.5.20
2026-09-26T06:35:02:    - Local:        http://localhost:3002
2026-09-26T06:35:02:    - Network:      http://200.141.15.202:3002
2026-09-26T06:35:02: 
2026-09-26T06:35:02:  ✓ Starting...
2026-09-26T06:35:03:  ✓ Ready in 885ms
2026-09-26T08:08:40:    ▲ Next.js 15.5.20
2026-09-26T08:08:40:    - Local:        http://localhost:3002
2026-09-26T08:08:40:    - Network:      http://200.141.15.202:3002
2026-09-26T08:08:40: 
2026-09-26T08:08:40:  ✓ Starting...
2026-09-26T08:08:41:  ✓ Ready in 768ms
2026-09-28T11:16:03:    ▲ Next.js 15.5.20
2026-09-28T11:16:03:    - Local:        http://localhost:3002
2026-09-28T11:16:03:    - Network:      http://200.141.15.202:3002
2026-09-28T11:16:03: 
2026-09-28T11:16:03:  ✓ Starting...
2026-09-28T11:16:06:  ✓ Ready in 3.8s
2026-10-05T10:09:27:    ▲ Next.js 15.5.20
2026-10-05T10:09:27:    - Local:        http://localhost:3002
2026-10-05T10:09:27:    - Network:      http://200.141.15.202:3002
2026-10-05T10:09:27: 
2026-10-05T10:09:27:  ✓ Starting...
2026-10-05T10:09:28:  ✓ Ready in 1585ms
